// Jest Snapshot v1, https://goo.gl/fbAQLP

exports[`Incorrect usage from TS should not typecheck 1`] = `
"should-not-pass.ts(23,7): error TS2322: Type 'C | undefined' is not assignable to type 'C'.
  Type 'undefined' is not assignable to type 'C'.
"
`;
